// Jest Snapshot v1, https://goo.gl/fbAQLP

exports[`UI test 1`] = `
<View
  style={
    {
      "flex": 1,
      "height": "100%",
      "width": "100%",
    }
  }
>
  <View
    accessibilityState={
      {
        "busy": undefined,
        "checked": undefined,
        "disabled": undefined,
        "expanded": undefined,
        "selected": undefined,
      }
    }
    accessibilityValue={
      {
        "max": undefined,
        "min": undefined,
        "now": undefined,
        "text": undefined,
      }
    }
    accessible={true}
    collapsable={false}
    dataSet={
      {
        "active": "false",
        "disabled": "false",
        "focus": "false",
        "focusVisible": "false",
        "hover": "false",
      }
    }
    focusable={true}
    onBlur={[Function]}
    onClick={[Function]}
    onFocus={[Function]}
    onResponderGrant={[Function]}
    onResponderMove={[Function]}
    onResponderRelease={[Function]}
    onResponderTerminate={[Function]}
    onResponderTerminationRequest={[Function]}
    onStartShouldSetResponder={[Function]}
    role="button"
    states={
      {
        "active": false,
        "disabled": undefined,
        "focus": false,
        "focusVisible": false,
        "hover": false,
      }
    }
    style={
      {
        "backgroundColor": "rgba(51, 51, 51, 1)",
        "borderColor": "rgba(102, 102, 102, 1)",
      }
    }
    testID="hello-test"
  >
    <Text
      dataSet={
        {
          "active": false,
          "disabled": undefined,
          "focus": false,
          "focusVisible": false,
          "hover": false,
        }
      }
      states={
        {
          "active": false,
          "disabled": undefined,
          "focus": false,
          "focusVisible": false,
          "hover": false,
        }
      }
      style={
        {
          "color": "rgba(254, 254, 255, 1)",
        }
      }
    >
      Click me
    </Text>
  </View>
</View>
`;
